// Jest Snapshot v1, https://goo.gl/fbAQLP

exports[`diagram generates folder diagram 1`] = `
"a
├── b
│   ├── b1
│   └── b2
└── c
    ├── c1
    └── c2"
`;

exports[`diagram generates folder diagram with hidden root 1`] = `"/ b / b1"`;

exports[`diagram generates folder diagram with multiline label 1`] = `
"name: a
path: 
├── name: b
│   path: 0
│   ├── name: b1
│   │   path: 0.0
│   └── name: b2
│       path: 0.1
└── name: c
    path: 1
    ├── name: c1
    │   path: 1.0
    └── name: c2
        path: 1.1"
`;

exports[`diagram generates folder diagram with multiline label and single child case 1`] = `
"name: a
path: 
└── name: b
    path: 0
    └── name: b1
        path: 0.0"
`;

exports[`diagram generates folder diagram with single child case 1`] = `"a / b / b1"`;

exports[`withOptions supports overloaded calls 1`] = `
"a
├── b
│   ├── b1
│   └── b2
└── c
    ├── c1
    └── c2"
`;
