// Jest Snapshot v1, https://goo.gl/fbAQLP

exports[`displays json tree diagram 1`] = `
"<Object>
├── null: null
├── boolean: true
├── number: 42
├── string: \\"hello\\"
├── multilineString: \\"line1\\\\nline2\\"
├── array: <Array>
│   ├── 0: 1
│   ├── 1: 2
│   └── 2: 3
└── object: <Object>
    └── foo: \\"bar\\""
`;
